# gazelle:proto_plugin java_proto //java:java_proto
# gazelle:proto_lang java plugin java_proto
